../Core/Src/main.c:88:5:main	8	static
../Core/Src/main.c:141:6:SystemClock_Config	88	static
../Core/Src/main.c:188:13:MX_LPUART1_UART_Init	8	static
../Core/Src/main.c:235:13:MX_TIM2_Init	40	static
../Core/Src/main.c:280:13:MX_GPIO_Init	48	static
../Core/Src/main.c:318:6:generate_trapezoidal_velocity_profile	32	static
../Core/Src/main.c:338:6:generate_Velocity	32	static
../Core/Src/main.c:367:6:HAL_GPIO_EXTI_Callback	16	static
../Core/Src/main.c:375:6:HAL_TIM_PeriodElapsedCallback	24	static
../Core/Src/main.c:385:7:PlantSimulation	40	static
../Core/Src/main.c:407:6:Error_Handler	4	static,ignoring_inline_asm
