15:13:02 **** Incremental Build of configuration Debug for project Test Template ****
make -j8 all 
arm-none-eabi-gcc "../Core/Src/main.c" -mcpu=cortex-m4 -std=gnu11 -g3 -DDEBUG -DUSE_HAL_DRIVER -DSTM32G474xx -c -I../Core/Inc -I../Drivers/STM32G4xx_HAL_Driver/Inc -I../Drivers/STM32G4xx_HAL_Driver/Inc/Legacy -I../Drivers/CMSIS/Device/ST/STM32G4xx/Include -I../Drivers/CMSIS/Include -O0 -ffunction-sections -fdata-sections -Wall -fstack-usage -fcyclomatic-complexity -MMD -MP -MF"Core/Src/main.d" -MT"Core/Src/main.o" --specs=nano.specs -mfpu=fpv4-sp-d16 -mfloat-abi=hard -mthumb -o "Core/Src/main.o"
arm-none-eabi-gcc -o "Test Template.elf" @"objects.list"   -mcpu=cortex-m4 -T"C:\Users\ppreawsr\OneDrive\Documents\GitHub\TESTTSU\TESTTSU Template\STM32G474RETX_FLASH.ld" --specs=nosys.specs -Wl,-Map="Test Template.map" -Wl,--gc-sections -static --specs=nano.specs -mfpu=fpv4-sp-d16 -mfloat-abi=hard -mthumb -Wl,--start-group -lc -lm -Wl,--end-group
Finished building target: Test Template.elf
 
arm-none-eabi-size  Test\ Template.elf 
arm-none-eabi-objdump -h -S Test\ Template.elf  > "Test Template.list"
   text	   data	    bss	    dec	    hex	filename
  16728	     12	   1932	  18672	   48f0	Test Template.elf
Finished building: default.size.stdout
 
Finished building: Test Template.list
 

15:13:03 Build Finished. 0 errors, 0 warnings. (took 1s.333ms)

